// Jest Snapshot v1, https://goo.gl/fbAQLP

exports[`<Footer /> 1`] = `
<footer
  class="p-3 text-center bg-dark text-white"
>
  With Love & React.js for Alyra
</footer>
`;
